<?xml version="1.0"?>
<testsuite name="Chrome Headless 149.0.0.0 (Windows 10)" package="" timestamp="2026-07-10T15:44:50" id="0" hostname="SPC" tests="5" errors="0" failures="0" time="0.094">
  <properties>
    <property name="browser.fullName" value="Mozilla/5.0 (Windows NT 10.0; Win64; x64) AppleWebKit/537.36 (KHTML, like Gecko) HeadlessChrome/149.0.0.0 Safari/537.36"/>
  </properties>
  <testcase name="AppComponent should create the app" time="0.065" classname="AppComponent"/>
  <testcase name="AppComponent should have as title 'olympic-games-starter'" time="0.003" classname="AppComponent"/>
  <testcase name="HomeComponent should create" time="0.015" classname="HomeComponent"/>
  <testcase name="OlympicService should be created" time="0.003" classname="OlympicService"/>
  <testcase name="NotFoundComponent should create" time="0.008" classname="NotFoundComponent"/>
  <system-out>
    <![CDATA[
]]>
  </system-out>
  <system-err/>
</testsuite>